Archive member included to satisfy reference by file (symbol)

c:/program files (x86)/atmel/studio/7.0/toolchain/avr8/avr8-gnu-toolchain/bin/../lib/gcc/avr/5.4.0/avrxmega7\libgcc.a(_exit.o)
                              C:/Program Files (x86)/Atmel/Studio/7.0/Packs/atmel/XMEGAA_DFP/1.3.146/gcc/dev/atxmega128a1u/avrxmega7/crtatxmega128a1u.o (exit)
c:/program files (x86)/atmel/studio/7.0/toolchain/avr8/avr8-gnu-toolchain/bin/../lib/gcc/avr/5.4.0/avrxmega7\libgcc.a(_copy_data.o)
                              main.o (__do_copy_data)
c:/program files (x86)/atmel/studio/7.0/toolchain/avr8/avr8-gnu-toolchain/bin/../lib/gcc/avr/5.4.0/avrxmega7\libgcc.a(_clear_bss.o)
                              simpleserial.o (__do_clear_bss)

Discarded input sections

 .data          0x00000000        0x0 C:/Program Files (x86)/Atmel/Studio/7.0/Packs/atmel/XMEGAA_DFP/1.3.146/gcc/dev/atxmega128a1u/avrxmega7/crtatxmega128a1u.o
 .bss           0x00000000        0x0 C:/Program Files (x86)/Atmel/Studio/7.0/Packs/atmel/XMEGAA_DFP/1.3.146/gcc/dev/atxmega128a1u/avrxmega7/crtatxmega128a1u.o
 .text          0x00000000        0x0 Drivers/usart_driver.o
 .data          0x00000000        0x0 Drivers/usart_driver.o
 .bss           0x00000000        0x0 Drivers/usart_driver.o
 .text.USART_InterruptDriver_Initialize
                0x00000000       0x12 Drivers/usart_driver.o
 .text.USART_InterruptDriver_DreInterruptLevel_Set
                0x00000000        0x6 Drivers/usart_driver.o
 .text.USART_TXBuffer_FreeSpace
                0x00000000       0x14 Drivers/usart_driver.o
 .text.USART_TXBuffer_PutByte
                0x00000000       0x38 Drivers/usart_driver.o
 .text.USART_RXBufferData_Available
                0x00000000       0x10 Drivers/usart_driver.o
 .text.USART_RXBuffer_GetByte
                0x00000000       0x18 Drivers/usart_driver.o
 .text.USART_RXComplete
                0x00000000       0x2a Drivers/usart_driver.o
 .text.USART_DataRegEmpty
                0x00000000       0x34 Drivers/usart_driver.o
 .text.USART_NineBits_PutChar
                0x00000000       0x18 Drivers/usart_driver.o
 .text.USART_NineBits_GetChar
                0x00000000       0x18 Drivers/usart_driver.o
 .debug_info    0x00000000      0x599 Drivers/usart_driver.o
 .debug_abbrev  0x00000000      0x214 Drivers/usart_driver.o
 .debug_loc     0x00000000      0x376 Drivers/usart_driver.o
 .debug_aranges
                0x00000000       0x68 Drivers/usart_driver.o
 .debug_ranges  0x00000000       0x58 Drivers/usart_driver.o
 .debug_line    0x00000000      0x2ef Drivers/usart_driver.o
 .debug_str     0x00000000      0x477 Drivers/usart_driver.o
 .comment       0x00000000       0x31 Drivers/usart_driver.o
 .debug_frame   0x00000000       0xc4 Drivers/usart_driver.o
 .text          0x00000000        0x0 Drivers/XMEGA_AES_driver.o
 .data          0x00000000        0x0 Drivers/XMEGA_AES_driver.o
 .bss           0x00000000        0x0 Drivers/XMEGA_AES_driver.o
 .debug_line    0x00000000        0x0 Drivers/XMEGA_AES_driver.o
 .debug_str     0x00000000      0x120 Drivers/XMEGA_AES_driver.o
 .comment       0x00000000       0x31 Drivers/XMEGA_AES_driver.o
 .text          0x00000000        0x0 main.o
 .data          0x00000000        0x0 main.o
 .bss           0x00000000        0x0 main.o
 .text          0x00000000        0x0 simpleserial.o
 .data          0x00000000        0x0 simpleserial.o
 .bss           0x00000000        0x0 simpleserial.o
 .text.hex_decode
                0x00000000       0xfc simpleserial.o
 .text.ss_puts  0x00000000       0x18 simpleserial.o
 .text          0x00000000        0x0 uart.o
 .data          0x00000000        0x0 uart.o
 .bss           0x00000000        0x0 uart.o
 .text.input_ch_w_timeout_0
                0x00000000       0x44 uart.o
 .text          0x00000000        0x0 xmega_hal.o
 .data          0x00000000        0x0 xmega_hal.o
 .bss           0x00000000        0x0 xmega_hal.o
 .text          0x00000000        0x0 c:/program files (x86)/atmel/studio/7.0/toolchain/avr8/avr8-gnu-toolchain/bin/../lib/gcc/avr/5.4.0/avrxmega7\libgcc.a(_exit.o)
 .data          0x00000000        0x0 c:/program files (x86)/atmel/studio/7.0/toolchain/avr8/avr8-gnu-toolchain/bin/../lib/gcc/avr/5.4.0/avrxmega7\libgcc.a(_exit.o)
 .bss           0x00000000        0x0 c:/program files (x86)/atmel/studio/7.0/toolchain/avr8/avr8-gnu-toolchain/bin/../lib/gcc/avr/5.4.0/avrxmega7\libgcc.a(_exit.o)
 .text.libgcc.mul
                0x00000000        0x0 c:/program files (x86)/atmel/studio/7.0/toolchain/avr8/avr8-gnu-toolchain/bin/../lib/gcc/avr/5.4.0/avrxmega7\libgcc.a(_exit.o)
 .text.libgcc.div
                0x00000000        0x0 c:/program files (x86)/atmel/studio/7.0/toolchain/avr8/avr8-gnu-toolchain/bin/../lib/gcc/avr/5.4.0/avrxmega7\libgcc.a(_exit.o)
 .text.libgcc   0x00000000        0x0 c:/program files (x86)/atmel/studio/7.0/toolchain/avr8/avr8-gnu-toolchain/bin/../lib/gcc/avr/5.4.0/avrxmega7\libgcc.a(_exit.o)
 .text.libgcc.prologue
                0x00000000        0x0 c:/program files (x86)/atmel/studio/7.0/toolchain/avr8/avr8-gnu-toolchain/bin/../lib/gcc/avr/5.4.0/avrxmega7\libgcc.a(_exit.o)
 .text.libgcc.builtins
                0x00000000        0x0 c:/program files (x86)/atmel/studio/7.0/toolchain/avr8/avr8-gnu-toolchain/bin/../lib/gcc/avr/5.4.0/avrxmega7\libgcc.a(_exit.o)
 .text.libgcc.fmul
                0x00000000        0x0 c:/program files (x86)/atmel/studio/7.0/toolchain/avr8/avr8-gnu-toolchain/bin/../lib/gcc/avr/5.4.0/avrxmega7\libgcc.a(_exit.o)
 .text.libgcc.fixed
                0x00000000        0x0 c:/program files (x86)/atmel/studio/7.0/toolchain/avr8/avr8-gnu-toolchain/bin/../lib/gcc/avr/5.4.0/avrxmega7\libgcc.a(_exit.o)
 .text          0x00000000        0x0 c:/program files (x86)/atmel/studio/7.0/toolchain/avr8/avr8-gnu-toolchain/bin/../lib/gcc/avr/5.4.0/avrxmega7\libgcc.a(_copy_data.o)
 .data          0x00000000        0x0 c:/program files (x86)/atmel/studio/7.0/toolchain/avr8/avr8-gnu-toolchain/bin/../lib/gcc/avr/5.4.0/avrxmega7\libgcc.a(_copy_data.o)
 .bss           0x00000000        0x0 c:/program files (x86)/atmel/studio/7.0/toolchain/avr8/avr8-gnu-toolchain/bin/../lib/gcc/avr/5.4.0/avrxmega7\libgcc.a(_copy_data.o)
 .text.libgcc.mul
                0x00000000        0x0 c:/program files (x86)/atmel/studio/7.0/toolchain/avr8/avr8-gnu-toolchain/bin/../lib/gcc/avr/5.4.0/avrxmega7\libgcc.a(_copy_data.o)
 .text.libgcc.div
                0x00000000        0x0 c:/program files (x86)/atmel/studio/7.0/toolchain/avr8/avr8-gnu-toolchain/bin/../lib/gcc/avr/5.4.0/avrxmega7\libgcc.a(_copy_data.o)
 .text.libgcc   0x00000000        0x0 c:/program files (x86)/atmel/studio/7.0/toolchain/avr8/avr8-gnu-toolchain/bin/../lib/gcc/avr/5.4.0/avrxmega7\libgcc.a(_copy_data.o)
 .text.libgcc.prologue
                0x00000000        0x0 c:/program files (x86)/atmel/studio/7.0/toolchain/avr8/avr8-gnu-toolchain/bin/../lib/gcc/avr/5.4.0/avrxmega7\libgcc.a(_copy_data.o)
 .text.libgcc.builtins
                0x00000000        0x0 c:/program files (x86)/atmel/studio/7.0/toolchain/avr8/avr8-gnu-toolchain/bin/../lib/gcc/avr/5.4.0/avrxmega7\libgcc.a(_copy_data.o)
 .text.libgcc.fmul
                0x00000000        0x0 c:/program files (x86)/atmel/studio/7.0/toolchain/avr8/avr8-gnu-toolchain/bin/../lib/gcc/avr/5.4.0/avrxmega7\libgcc.a(_copy_data.o)
 .text.libgcc.fixed
                0x00000000        0x0 c:/program files (x86)/atmel/studio/7.0/toolchain/avr8/avr8-gnu-toolchain/bin/../lib/gcc/avr/5.4.0/avrxmega7\libgcc.a(_copy_data.o)
 .text          0x00000000        0x0 c:/program files (x86)/atmel/studio/7.0/toolchain/avr8/avr8-gnu-toolchain/bin/../lib/gcc/avr/5.4.0/avrxmega7\libgcc.a(_clear_bss.o)
 .data          0x00000000        0x0 c:/program files (x86)/atmel/studio/7.0/toolchain/avr8/avr8-gnu-toolchain/bin/../lib/gcc/avr/5.4.0/avrxmega7\libgcc.a(_clear_bss.o)
 .bss           0x00000000        0x0 c:/program files (x86)/atmel/studio/7.0/toolchain/avr8/avr8-gnu-toolchain/bin/../lib/gcc/avr/5.4.0/avrxmega7\libgcc.a(_clear_bss.o)
 .text.libgcc.mul
                0x00000000        0x0 c:/program files (x86)/atmel/studio/7.0/toolchain/avr8/avr8-gnu-toolchain/bin/../lib/gcc/avr/5.4.0/avrxmega7\libgcc.a(_clear_bss.o)
 .text.libgcc.div
                0x00000000        0x0 c:/program files (x86)/atmel/studio/7.0/toolchain/avr8/avr8-gnu-toolchain/bin/../lib/gcc/avr/5.4.0/avrxmega7\libgcc.a(_clear_bss.o)
 .text.libgcc   0x00000000        0x0 c:/program files (x86)/atmel/studio/7.0/toolchain/avr8/avr8-gnu-toolchain/bin/../lib/gcc/avr/5.4.0/avrxmega7\libgcc.a(_clear_bss.o)
 .text.libgcc.prologue
                0x00000000        0x0 c:/program files (x86)/atmel/studio/7.0/toolchain/avr8/avr8-gnu-toolchain/bin/../lib/gcc/avr/5.4.0/avrxmega7\libgcc.a(_clear_bss.o)
 .text.libgcc.builtins
                0x00000000        0x0 c:/program files (x86)/atmel/studio/7.0/toolchain/avr8/avr8-gnu-toolchain/bin/../lib/gcc/avr/5.4.0/avrxmega7\libgcc.a(_clear_bss.o)
 .text.libgcc.fmul
                0x00000000        0x0 c:/program files (x86)/atmel/studio/7.0/toolchain/avr8/avr8-gnu-toolchain/bin/../lib/gcc/avr/5.4.0/avrxmega7\libgcc.a(_clear_bss.o)
 .text.libgcc.fixed
                0x00000000        0x0 c:/program files (x86)/atmel/studio/7.0/toolchain/avr8/avr8-gnu-toolchain/bin/../lib/gcc/avr/5.4.0/avrxmega7\libgcc.a(_clear_bss.o)

Memory Configuration

Name             Origin             Length             Attributes
text             0x00000000         0x00022000         xr
data             0x00802000         0x00002000         rw !x
eeprom           0x00810000         0x00000800         rw !x
fuse             0x00820000         0x00000006         rw !x
lock             0x00830000         0x00000400         rw !x
signature        0x00840000         0x00000400         rw !x
user_signatures  0x00850000         0x00000400         rw !x
*default*        0x00000000         0xffffffff

Linker script and memory map

LOAD C:/Program Files (x86)/Atmel/Studio/7.0/Packs/atmel/XMEGAA_DFP/1.3.146/gcc/dev/atxmega128a1u/avrxmega7/crtatxmega128a1u.o
LOAD Drivers/usart_driver.o
LOAD Drivers/XMEGA_AES_driver.o
LOAD main.o
LOAD simpleserial.o
LOAD uart.o
LOAD xmega_hal.o
START GROUP
LOAD c:/program files (x86)/atmel/studio/7.0/toolchain/avr8/avr8-gnu-toolchain/bin/../lib/gcc/avr/5.4.0/../../../../avr/lib/avrxmega7\libm.a
END GROUP
START GROUP
LOAD c:/program files (x86)/atmel/studio/7.0/toolchain/avr8/avr8-gnu-toolchain/bin/../lib/gcc/avr/5.4.0/avrxmega7\libgcc.a
LOAD c:/program files (x86)/atmel/studio/7.0/toolchain/avr8/avr8-gnu-toolchain/bin/../lib/gcc/avr/5.4.0/../../../../avr/lib/avrxmega7\libm.a
LOAD c:/program files (x86)/atmel/studio/7.0/toolchain/avr8/avr8-gnu-toolchain/bin/../lib/gcc/avr/5.4.0/../../../../avr/lib/avrxmega7\libc.a
LOAD C:/Program Files (x86)/Atmel/Studio/7.0/Packs/atmel/XMEGAA_DFP/1.3.146/gcc/dev/atxmega128a1u/avrxmega7\libatxmega128a1u.a
END GROUP
                [0x00000000]                __TEXT_REGION_ORIGIN__ = DEFINED (__TEXT_REGION_ORIGIN__)?__TEXT_REGION_ORIGIN__:0x0
                [0x00802000]                __DATA_REGION_ORIGIN__ = DEFINED (__DATA_REGION_ORIGIN__)?__DATA_REGION_ORIGIN__:0x802000
                [0x00022000]                __TEXT_REGION_LENGTH__ = DEFINED (__TEXT_REGION_LENGTH__)?__TEXT_REGION_LENGTH__:0x100000
                [0x00002000]                __DATA_REGION_LENGTH__ = DEFINED (__DATA_REGION_LENGTH__)?__DATA_REGION_LENGTH__:0xffa0
                [0x00000800]                __EEPROM_REGION_LENGTH__ = DEFINED (__EEPROM_REGION_LENGTH__)?__EEPROM_REGION_LENGTH__:0x10000
                [0x00000006]                __FUSE_REGION_LENGTH__ = DEFINED (__FUSE_REGION_LENGTH__)?__FUSE_REGION_LENGTH__:0x400
                0x00000400                __LOCK_REGION_LENGTH__ = DEFINED (__LOCK_REGION_LENGTH__)?__LOCK_REGION_LENGTH__:0x400
                0x00000400                __SIGNATURE_REGION_LENGTH__ = DEFINED (__SIGNATURE_REGION_LENGTH__)?__SIGNATURE_REGION_LENGTH__:0x400
                0x00000400                __USER_SIGNATURE_REGION_LENGTH__ = DEFINED (__USER_SIGNATURE_REGION_LENGTH__)?__USER_SIGNATURE_REGION_LENGTH__:0x400

.hash
 *(.hash)

.dynsym
 *(.dynsym)

.dynstr
 *(.dynstr)

.gnu.version
 *(.gnu.version)

.gnu.version_d
 *(.gnu.version_d)

.gnu.version_r
 *(.gnu.version_r)

.rel.init
 *(.rel.init)

.rela.init
 *(.rela.init)

.rel.text
 *(.rel.text)
 *(.rel.text.*)
 *(.rel.gnu.linkonce.t*)

.rela.text
 *(.rela.text)
 *(.rela.text.*)
 *(.rela.gnu.linkonce.t*)

.rel.fini
 *(.rel.fini)

.rela.fini
 *(.rela.fini)

.rel.rodata
 *(.rel.rodata)
 *(.rel.rodata.*)
 *(.rel.gnu.linkonce.r*)

.rela.rodata
 *(.rela.rodata)
 *(.rela.rodata.*)
 *(.rela.gnu.linkonce.r*)

.rel.data
 *(.rel.data)
 *(.rel.data.*)
 *(.rel.gnu.linkonce.d*)

.rela.data
 *(.rela.data)
 *(.rela.data.*)
 *(.rela.gnu.linkonce.d*)

.rel.ctors
 *(.rel.ctors)

.rela.ctors
 *(.rela.ctors)

.rel.dtors
 *(.rel.dtors)

.rela.dtors
 *(.rela.dtors)

.rel.got
 *(.rel.got)

.rela.got
 *(.rela.got)

.rel.bss
 *(.rel.bss)

.rela.bss
 *(.rela.bss)

.rel.plt
 *(.rel.plt)

.rela.plt
 *(.rela.plt)

.text           0x00000000      0x8fa
 *(.vectors)
 .vectors       0x00000000      0x1fc C:/Program Files (x86)/Atmel/Studio/7.0/Packs/atmel/XMEGAA_DFP/1.3.146/gcc/dev/atxmega128a1u/avrxmega7/crtatxmega128a1u.o
                0x00000000                __vector_default
                0x00000000                __vectors
 *(.vectors)
 *(.progmem.gcc*)
                0x000001fc                . = ALIGN (0x2)
                0x000001fc                __trampolines_start = .
 *(.trampolines)
 .trampolines   0x000001fc       0x18 linker stubs
 *(.trampolines*)
                0x00000214                __trampolines_end = .
 *libprintf_flt.a:*(.progmem.data)
 *libc.a:*(.progmem.data)
 *(.progmem*)
                0x00000214                . = ALIGN (0x2)
 *(.jumptables)
 *(.jumptables*)
 *(.lowtext)
 *(.lowtext*)
                0x00000214                __ctors_start = .
 *(.ctors)
                0x00000214                __ctors_end = .
                0x00000214                __dtors_start = .
 *(.dtors)
                0x00000214                __dtors_end = .
 SORT(*)(.ctors)
 SORT(*)(.dtors)
 *(.init0)
 .init0         0x00000214        0x0 C:/Program Files (x86)/Atmel/Studio/7.0/Packs/atmel/XMEGAA_DFP/1.3.146/gcc/dev/atxmega128a1u/avrxmega7/crtatxmega128a1u.o
                0x00000214                __init
 *(.init0)
 *(.init1)
 *(.init1)
 *(.init2)
 .init2         0x00000214       0x18 C:/Program Files (x86)/Atmel/Studio/7.0/Packs/atmel/XMEGAA_DFP/1.3.146/gcc/dev/atxmega128a1u/avrxmega7/crtatxmega128a1u.o
 *(.init2)
 *(.init3)
 *(.init3)
 *(.init4)
 .init4         0x0000022c       0x1c c:/program files (x86)/atmel/studio/7.0/toolchain/avr8/avr8-gnu-toolchain/bin/../lib/gcc/avr/5.4.0/avrxmega7\libgcc.a(_copy_data.o)
                0x0000022c                __do_copy_data
 .init4         0x00000248       0x10 c:/program files (x86)/atmel/studio/7.0/toolchain/avr8/avr8-gnu-toolchain/bin/../lib/gcc/avr/5.4.0/avrxmega7\libgcc.a(_clear_bss.o)
                0x00000248                __do_clear_bss
 *(.init4)
 *(.init5)
 *(.init5)
 *(.init6)
 *(.init6)
 *(.init7)
 *(.init7)
 *(.init8)
 *(.init8)
 *(.init9)
 .init9         0x00000258        0x8 C:/Program Files (x86)/Atmel/Studio/7.0/Packs/atmel/XMEGAA_DFP/1.3.146/gcc/dev/atxmega128a1u/avrxmega7/crtatxmega128a1u.o
 *(.init9)
 *(.text)
 .text          0x00000260        0x4 C:/Program Files (x86)/Atmel/Studio/7.0/Packs/atmel/XMEGAA_DFP/1.3.146/gcc/dev/atxmega128a1u/avrxmega7/crtatxmega128a1u.o
                0x00000260                __vector_38
                0x00000260                __vector_104
                0x00000260                __vector_22
                0x00000260                __vector_63
                0x00000260                __vector_28
                0x00000260                __vector_67
                0x00000260                __vector_1
                0x00000260                __vector_119
                0x00000260                __vector_32
                0x00000260                __vector_75
                0x00000260                __vector_71
                0x00000260                __vector_91
                0x00000260                __vector_34
                0x00000260                __vector_62
                0x00000260                __vector_77
                0x00000260                __vector_102
                0x00000260                __vector_24
                0x00000260                __vector_12
                0x00000260                __vector_55
                0x00000260                __vector_69
                0x00000260                __vector_81
                0x00000260                __vector_90
                0x00000260                __vector_46
                0x00000260                __bad_interrupt
                0x00000260                __vector_122
                0x00000260                __vector_72
                0x00000260                __vector_114
                0x00000260                __vector_6
                0x00000260                __vector_110
                0x00000260                __vector_31
                0x00000260                __vector_92
                0x00000260                __vector_35
                0x00000260                __vector_78
                0x00000260                __vector_74
                0x00000260                __vector_117
                0x00000260                __vector_39
                0x00000260                __vector_107
                0x00000260                __vector_3
                0x00000260                __vector_105
                0x00000260                __vector_98
                0x00000260                __vector_23
                0x00000260                __vector_68
                0x00000260                __vector_30
                0x00000260                __vector_73
                0x00000260                __vector_45
                0x00000260                __vector_25
                0x00000260                __vector_93
                0x00000260                __vector_61
                0x00000260                __vector_11
                0x00000260                __vector_54
                0x00000260                __vector_99
                0x00000260                __vector_13
                0x00000260                __vector_17
                0x00000260                __vector_19
                0x00000260                __vector_56
                0x00000260                __vector_7
                0x00000260                __vector_125
                0x00000260                __vector_49
                0x00000260                __vector_123
                0x00000260                __vector_41
                0x00000260                __vector_86
                0x00000260                __vector_100
                0x00000260                __vector_101
                0x00000260                __vector_64
                0x00000260                __vector_88
                0x00000260                __vector_109
                0x00000260                __vector_43
                0x00000260                __vector_27
                0x00000260                __vector_5
                0x00000260                __vector_113
                0x00000260                __vector_33
                0x00000260                __vector_76
                0x00000260                __vector_115
                0x00000260                __vector_47
                0x00000260                __vector_52
                0x00000260                __vector_37
                0x00000260                __vector_95
                0x00000260                __vector_103
                0x00000260                __vector_96
                0x00000260                __vector_89
                0x00000260                __vector_108
                0x00000260                __vector_4
                0x00000260                __vector_44
                0x00000260                __vector_82
                0x00000260                __vector_106
                0x00000260                __vector_118
                0x00000260                __vector_51
                0x00000260                __vector_9
                0x00000260                __vector_2
                0x00000260                __vector_21
                0x00000260                __vector_15
                0x00000260                __vector_66
                0x00000260                __vector_36
                0x00000260                __vector_79
                0x00000260                __vector_58
                0x00000260                __vector_70
                0x00000260                __vector_83
                0x00000260                __vector_29
                0x00000260                __vector_60
                0x00000260                __vector_121
                0x00000260                __vector_40
                0x00000260                __vector_85
                0x00000260                __vector_94
                0x00000260                __vector_126
                0x00000260                __vector_8
                0x00000260                __vector_26
                0x00000260                __vector_48
                0x00000260                __vector_124
                0x00000260                __vector_116
                0x00000260                __vector_112
                0x00000260                __vector_111
                0x00000260                __vector_80
                0x00000260                __vector_14
                0x00000260                __vector_84
                0x00000260                __vector_57
                0x00000260                __vector_53
                0x00000260                __vector_10
                0x00000260                __vector_50
                0x00000260                __vector_16
                0x00000260                __vector_59
                0x00000260                __vector_18
                0x00000260                __vector_97
                0x00000260                __vector_20
                0x00000260                __vector_42
                0x00000260                __vector_87
                0x00000260                __vector_65
                0x00000260                __vector_120
                0x00000264                . = ALIGN (0x2)
 *(.text.*)
 .text.glitch_loop
                0x00000264       0x9a main.o
                0x00000264                glitch_loop
 .text.glitch_comparison
                0x000002fe       0x3e main.o
                0x000002fe                glitch_comparison
 .text.password
                0x0000033c       0x74 main.o
                0x0000033c                password
 .text.infinite_loop
                0x000003b0       0x62 main.o
                0x000003b0                infinite_loop
 .text.main     0x00000412       0x50 main.o
                0x00000412                main
 .text.ss_crc   0x00000462       0x3e simpleserial.o
                0x00000462                ss_crc
 .text.stuff_data
                0x000004a0       0x2c simpleserial.o
                0x000004a0                stuff_data
 .text.unstuff_data
                0x000004cc       0x20 simpleserial.o
                0x000004cc                unstuff_data
 .text.simpleserial_addcmd
                0x000004ec       0x5c simpleserial.o
                0x000004ec                simpleserial_addcmd
 .text.simpleserial_init
                0x00000548       0x1e simpleserial.o
                0x00000548                simpleserial_init
 .text.simpleserial_put
                0x00000566       0xce simpleserial.o
                0x00000566                simpleserial_put
 .text.check_version
                0x00000634       0x26 simpleserial.o
                0x00000634                check_version
 .text.ss_get_commands
                0x0000065a       0x66 simpleserial.o
                0x0000065a                ss_get_commands
 .text.simpleserial_get
                0x000006c0      0x1ca simpleserial.o
                0x000006c0                simpleserial_get
 .text.init_uart0
                0x0000088a       0x28 uart.o
                0x0000088a                init_uart0
 .text.input_ch_0
                0x000008b2        0xe uart.o
                0x000008b2                input_ch_0
 .text.output_ch_0
                0x000008c0        0xe uart.o
                0x000008c0                output_ch_0
 .text.platform_init
                0x000008ce       0x28 xmega_hal.o
                0x000008ce                platform_init
                0x000008f6                . = ALIGN (0x2)
 *(.fini9)
 .fini9         0x000008f6        0x0 c:/program files (x86)/atmel/studio/7.0/toolchain/avr8/avr8-gnu-toolchain/bin/../lib/gcc/avr/5.4.0/avrxmega7\libgcc.a(_exit.o)
                0x000008f6                _exit
                0x000008f6                exit
 *(.fini9)
 *(.fini8)
 *(.fini8)
 *(.fini7)
 *(.fini7)
 *(.fini6)
 *(.fini6)
 *(.fini5)
 *(.fini5)
 *(.fini4)
 *(.fini4)
 *(.fini3)
 *(.fini3)
 *(.fini2)
 *(.fini2)
 *(.fini1)
 *(.fini1)
 *(.fini0)
 .fini0         0x000008f6        0x4 c:/program files (x86)/atmel/studio/7.0/toolchain/avr8/avr8-gnu-toolchain/bin/../lib/gcc/avr/5.4.0/avrxmega7\libgcc.a(_exit.o)
 *(.fini0)
                0x000008fa                _etext = .

.data           0x00802000        0x6 load address 0x000008fa
                0x00802000                PROVIDE (__data_start, .)
 *(.data)
 *(.data*)
 *(.gnu.linkonce.d*)
 *(.rodata)
 *(.rodata*)
 .rodata.str1.1
                0x00802000        0x6 main.o
 *(.gnu.linkonce.r*)
                0x00802006                . = ALIGN (0x2)
                0x00802006                _edata = .
                0x00802006                PROVIDE (__data_end, .)

.bss            0x00802006       0x52
                0x00802006                PROVIDE (__bss_start, .)
 *(.bss)
 *(.bss*)
 .bss.commands  0x00802006       0x50 simpleserial.o
 .bss.num_commands
                0x00802056        0x2 simpleserial.o
 *(COMMON)
                0x00802058                PROVIDE (__bss_end, .)
                0x000008fa                __data_load_start = LOADADDR (.data)
                0x00000900                __data_load_end = (__data_load_start + SIZEOF (.data))

.noinit         0x00802058        0x0
                [!provide]                PROVIDE (__noinit_start, .)
 *(.noinit*)
                [!provide]                PROVIDE (__noinit_end, .)
                0x00802058                _end = .
                [!provide]                PROVIDE (__heap_start, .)

.eeprom         0x00810000        0x0
 *(.eeprom*)
                0x00810000                __eeprom_end = .

.fuse
 *(.fuse)
 *(.lfuse)
 *(.hfuse)
 *(.efuse)

.lock
 *(.lock*)

.signature
 *(.signature*)

.user_signatures
 *(.user_signatures*)

.stab
 *(.stab)

.stabstr
 *(.stabstr)

.stab.excl
 *(.stab.excl)

.stab.exclstr
 *(.stab.exclstr)

.stab.index
 *(.stab.index)

.stab.indexstr
 *(.stab.indexstr)

.comment        0x00000000       0x30
 *(.comment)
 .comment       0x00000000       0x30 main.o
                                 0x31 (size before relaxing)
 .comment       0x00000030       0x31 simpleserial.o
 .comment       0x00000030       0x31 uart.o
 .comment       0x00000030       0x31 xmega_hal.o

.note.gnu.avr.deviceinfo
                0x00000000       0x40
 .note.gnu.avr.deviceinfo
                0x00000000       0x40 C:/Program Files (x86)/Atmel/Studio/7.0/Packs/atmel/XMEGAA_DFP/1.3.146/gcc/dev/atxmega128a1u/avrxmega7/crtatxmega128a1u.o

.note.gnu.build-id
 *(.note.gnu.build-id)

.debug
 *(.debug)

.line
 *(.line)

.debug_srcinfo
 *(.debug_srcinfo)

.debug_sfnames
 *(.debug_sfnames)

.debug_aranges  0x00000000      0x108
 *(.debug_aranges)
 .debug_aranges
                0x00000000       0x40 main.o
 .debug_aranges
                0x00000040       0x70 simpleserial.o
 .debug_aranges
                0x000000b0       0x38 uart.o
 .debug_aranges
                0x000000e8       0x20 xmega_hal.o

.debug_pubnames
 *(.debug_pubnames)

.debug_info     0x00000000     0x5231
 *(.debug_info .gnu.linkonce.wi.*)
 .debug_info    0x00000000     0x3e5a C:/Program Files (x86)/Atmel/Studio/7.0/Packs/atmel/XMEGAA_DFP/1.3.146/gcc/dev/atxmega128a1u/avrxmega7/crtatxmega128a1u.o
 .debug_info    0x00003e5a      0x6b2 main.o
 .debug_info    0x0000450c      0x766 simpleserial.o
 .debug_info    0x00004c72      0x3bf uart.o
 .debug_info    0x00005031      0x200 xmega_hal.o

.debug_abbrev   0x00000000     0x404e
 *(.debug_abbrev)
 .debug_abbrev  0x00000000     0x3b0e C:/Program Files (x86)/Atmel/Studio/7.0/Packs/atmel/XMEGAA_DFP/1.3.146/gcc/dev/atxmega128a1u/avrxmega7/crtatxmega128a1u.o
 .debug_abbrev  0x00003b0e      0x174 main.o
 .debug_abbrev  0x00003c82      0x1ed simpleserial.o
 .debug_abbrev  0x00003e6f      0x142 uart.o
 .debug_abbrev  0x00003fb1       0x9d xmega_hal.o

.debug_line     0x00000000      0xe60
 *(.debug_line .debug_line.* .debug_line_end)
 .debug_line    0x00000000      0x3b5 C:/Program Files (x86)/Atmel/Studio/7.0/Packs/atmel/XMEGAA_DFP/1.3.146/gcc/dev/atxmega128a1u/avrxmega7/crtatxmega128a1u.o
 .debug_line    0x000003b5      0x2d4 main.o
 .debug_line    0x00000689      0x4fc simpleserial.o
 .debug_line    0x00000b85      0x1ab uart.o
 .debug_line    0x00000d30      0x130 xmega_hal.o

.debug_frame    0x00000000      0x284
 *(.debug_frame)
 .debug_frame   0x00000000       0xa4 main.o
 .debug_frame   0x000000a4      0x158 simpleserial.o
 .debug_frame   0x000001fc       0x64 uart.o
 .debug_frame   0x00000260       0x24 xmega_hal.o

.debug_str      0x00000000     0x3051
 *(.debug_str)
 .debug_str     0x00000000     0x2969 C:/Program Files (x86)/Atmel/Studio/7.0/Packs/atmel/XMEGAA_DFP/1.3.146/gcc/dev/atxmega128a1u/avrxmega7/crtatxmega128a1u.o
 .debug_str     0x00002969      0x2ee main.o
                                0x327 (size before relaxing)
 .debug_str     0x00002c57      0x11d simpleserial.o
                                0x30e (size before relaxing)
 .debug_str     0x00002d74      0x13f uart.o
                                0x3c1 (size before relaxing)
 .debug_str     0x00002eb3      0x19e xmega_hal.o
                                0x33e (size before relaxing)

.debug_loc      0x00000000      0xcca
 *(.debug_loc)
 .debug_loc     0x00000000      0x366 main.o
 .debug_loc     0x00000366      0x8b0 simpleserial.o
 .debug_loc     0x00000c16       0xb4 uart.o

.debug_macinfo
 *(.debug_macinfo)

.debug_weaknames
 *(.debug_weaknames)

.debug_funcnames
 *(.debug_funcnames)

.debug_typenames
 *(.debug_typenames)

.debug_varnames
 *(.debug_varnames)

.debug_pubtypes
 *(.debug_pubtypes)

.debug_ranges   0x00000000       0xf8
 *(.debug_ranges)
 .debug_ranges  0x00000000       0x30 main.o
 .debug_ranges  0x00000030       0x90 simpleserial.o
 .debug_ranges  0x000000c0       0x28 uart.o
 .debug_ranges  0x000000e8       0x10 xmega_hal.o

.debug_macro
 *(.debug_macro)
OUTPUT(cwtoxplained2.elf elf32-avr)
LOAD linker stubs
